Microchip MPLAB XC8 Compiler V2.32

Linker command line:

-W-3 --edf=C:\Program Files\Microchip\xc8\v2.32\pic\dat\en_msgs.txt -cn \
  -h+dist/default/production\Master_prueba.X.production.sym \
  --cmf=dist/default/production\Master_prueba.X.production.cmf -z -Q16F887 \
  -oC:\Users\user\AppData\Local\Temp\xcAs7ps.4 --defsym=__MPLAB_BUILD=1 \
  -Mdist/default/production/Master_prueba.X.production.map -E1 \
  -ver=XC8 Compiler --acfsm=1493 -ASTACK=0110h-016Fh -pstack=STACK \
  -ACODE=00h-07FFhx4 -ASTRCODE=00h-01FFFh -ASTRING=00h-0FFhx32 \
  -ACONST=00h-0FFhx32 -AENTRY=00h-0FFhx32 -ACOMMON=070h-07Fh \
  -ABANK0=020h-06Fh -ABANK1=0A0h-0EFh -ABANK2=0110h-016Fh \
  -ABANK3=0190h-01EFh -ARAM=020h-06Fh,0A0h-0EFh,0110h-016Fh,0190h-01EFh \
  -AABS1=020h-07Fh,0A0h-0EFh,0110h-016Fh,0190h-01EFh -ASFR0=00h-01Fh \
  -ASFR1=080h-09Fh -ASFR2=0100h-010Fh -ASFR3=0180h-018Fh \
  -ACONFIG=02007h-02008h -DCONFIG=2 -AIDLOC=02000h-02003h -DIDLOC=2 \
  -AEEDATA=00h-0FFh/02100h -peeprom_data=EEDATA -DEEDATA=2 -DCODE=2 \
  -DSTRCODE=2 -DSTRING=2 -DCONST=2 -DENTRY=2 \
  -preset_vec=00h,intentry,init,end_init -ppowerup=CODE -pcinit=CODE \
  -pfunctab=ENTRY -k C:\Users\user\AppData\Local\Temp\xcAs7ps.o \
  dist/default/production\Master_prueba.X.production.o 

Object code version is 3.11

Machine type is 16F887



                Name                               Link     Load   Length Selector   Space Scale
C:\Users\user\AppData\Local\Temp\xcAs7ps.o
                end_init                              0        0        3        0       0
                config                             2007     2007        2        0       4
dist/default/production\Master_prueba.X.production.o
                cinit                               7F3      7F3        D      FE6       0
                config                             2007     2007        2        0       4
                text22                                4        4       3F        8       0
                text21                              45D      45D      1AA      8BA       0
                text20                              EB6      EB6       22     1D6C       0
                text19                              E7B      E7B       1A     1CF6       0
                text18                              E61      E61        D     1CC2       0
                text17                               9E       9E       5D      13C       0
                text16                              FAE      FAE       52     1F5C       0
                text15                              F75      F75       39     1EEA       0
                text14                              E95      E95       21     1D2A       0
                text13                              23F      23F       8B      47E       0
                text12                              161      161       67      2C2       0
                text11                               43       43       5B       86       0
                text10                              1C8      1C8       77      390       0
                text9                                FB       FB       66      1F6       0
                text8                               F3D      F3D       38     1E7A       0
                text7                               E6E      E6E        D     1CDC       0
                text6                               ED8      ED8       2E     1DB0       0
                text5                               E45      E45        9     1C8A       0
                text4                               E4E      E4E        9     1C9C       0
                text3                               E57      E57        A     1CAE       0
                text2                               F06      F06       37     1E0C       0
                text1                               2CA      2CA      193      594       0
                maintext                            607      607      1EC      C0E       0
                cstackBANK0                          20       20       23       20       1
                cstackCOMMON                         70       70        E       70       1
                clrtext                             E3D      E3D        8     1C7A       0
                bssBANK0                             43       43       13       20       1

TOTAL           Name                               Link     Load   Length     Space
        CLASS   STACK          

        CLASS   CODE           
                end_init                              0        0        3         0
                cinit                               7F3      7F3        D         0
                text22                                4        4       3F         0
                text21                              45D      45D      1AA         0
                text20                              EB6      EB6       22         0
                text19                              E7B      E7B       1A         0
                text18                              E61      E61        D         0
                text17                               9E       9E       5D         0
                text16                              FAE      FAE       52         0
                text15                              F75      F75       39         0
                text14                              E95      E95       21         0
                text13                              23F      23F       8B         0
                text12                              161      161       67         0
                text11                               43       43       5B         0
                text10                              1C8      1C8       77         0
                text9                                FB       FB       66         0
                text8                               F3D      F3D       38         0
                text7                               E6E      E6E        D         0
                text6                               ED8      ED8       2E         0
                text5                               E45      E45        9         0
                text4                               E4E      E4E        9         0
                text3                               E57      E57        A         0
                text2                               F06      F06       37         0
                text1                               2CA      2CA      193         0
                maintext                            607      607      1EC         0
                clrtext                             E3D      E3D        8         0

        CLASS   STRCODE        

        CLASS   STRING         

        CLASS   CONST          

        CLASS   ENTRY          

        CLASS   COMMON         
                cstackCOMMON                         70       70        E         1

        CLASS   BANK0          
                cstackBANK0                          20       20       23         1
                bssBANK0                             43       43       13         1

        CLASS   BANK1          

        CLASS   BANK2          

        CLASS   BANK3          

        CLASS   RAM            

        CLASS   ABS1           
                abs_s1                               7E       7E        2         1

        CLASS   SFR0           

        CLASS   SFR1           

        CLASS   SFR2           

        CLASS   SFR3           

        CLASS   CONFIG         
                config                             2007     2007        2         4

        CLASS   IDLOC          

        CLASS   EEDATA         



SEGMENTS        Name                           Load    Length   Top    Selector   Space  Class     Delta

                reset_vec                      000000  000003  000003         0       0  CODE        2
                text22                         000004  00003F  000043         8       0  CODE        2
                cstackBANK0                    000020  000036  000056        20       1  BANK0       1
                cstackCOMMON                   000070  00000E  00007E        70       1  COMMON      1
                text11                         000043  00005B  00009E        86       0  CODE        2
                text17                         00009E  00005D  0000FB       13C       0  CODE        2
                text9                          0000FB  000066  000161       1F6       0  CODE        2
                text12                         000161  000067  0001C8       2C2       0  CODE        2
                text10                         0001C8  000077  00023F       390       0  CODE        2
                text13                         00023F  00008B  0002CA       47E       0  CODE        2
                text1                          0002CA  000193  00045D       594       0  CODE        2
                text21                         00045D  0001AA  000607       8BA       0  CODE        2
                maintext                       000607  0001EC  0007F3       C0E       0  CODE        2
                cinit                          0007F3  00000D  000800       FE6       0  CODE        2
                clrtext                        000E3D  000008  000E45      1C7A       0  CODE        2
                text5                          000E45  000009  000E4E      1C8A       0  CODE        2
                text4                          000E4E  000009  000E57      1C9C       0  CODE        2
                text3                          000E57  00000A  000E61      1CAE       0  CODE        2
                text18                         000E61  00000D  000E6E      1CC2       0  CODE        2
                text7                          000E6E  00000D  000E7B      1CDC       0  CODE        2
                text19                         000E7B  00001A  000E95      1CF6       0  CODE        2
                text14                         000E95  000021  000EB6      1D2A       0  CODE        2
                text20                         000EB6  000022  000ED8      1D6C       0  CODE        2
                text6                          000ED8  00002E  000F06      1DB0       0  CODE        2
                text2                          000F06  000037  000F3D      1E0C       0  CODE        2
                text8                          000F3D  000038  000F75      1E7A       0  CODE        2
                text15                         000F75  000039  000FAE      1EEA       0  CODE        2
                text16                         000FAE  000052  001000      1F5C       0  CODE        2


UNUSED ADDRESS RANGES

        Name                Unused          Largest block    Delta
        BANK0            0056-006F             1A           1
        BANK1            00A0-00EF             50           1
        BANK2            0110-016F             60           1
        BANK3            0190-01EF             60           1
        CODE             0003-0003              1           2
                         0800-0E3C            63D
                         1000-1FFF            800
        CONST            0003-0003              1           2
                         0800-0E3C            100
                         1000-1FFF            100
        EEDATA           2100-21FF            100           2
        ENTRY            0003-0003              1           2
                         0800-0E3C            100
                         1000-1FFF            100
        IDLOC            2000-2003              4           2
        RAM              0056-006F             1A           1
                         00A0-00EF             50
                         0110-016F             60
                         0190-01EF             60
        SFR0             0000-001F             20           1
        SFR1             0080-009F             20           1
        SFR2             0100-010F             10           1
        SFR3             0180-018F             10           1
        STACK            0110-016F             60           1
        STRCODE          0003-0003              1           2
                         0800-0E3C            63D
                         1000-1FFF           1000
        STRING           0003-0003              1           2
                         0800-0E3C            100
                         1000-1FFF            100

                                  Symbol Table

?_I2C_Master_Read          cstackCOMMON 0070
?___awdiv                  cstackCOMMON 0070
?___awmod                  cstackCOMMON 0079
?___lldiv                  cstackCOMMON 0070
I2C_Master_Init@c          cstackBANK0  0020
I2C_Master_Read@a          cstackCOMMON 0070
I2C_Master_Read@temp       cstackCOMMON 0074
I2C_Master_Write@d         cstackCOMMON 0070
Lcd_Cmd@a                  cstackCOMMON 0073
Lcd_Port@a                 cstackCOMMON 0070
Lcd_Set_Cursor@a           cstackCOMMON 0077
Lcd_Set_Cursor@b           cstackCOMMON 0074
Lcd_Set_Cursor@temp        cstackCOMMON 007A
Lcd_Set_Cursor@y           cstackCOMMON 0079
Lcd_Set_Cursor@z           cstackCOMMON 0078
Lcd_Write_Char@a           cstackCOMMON 0074
Lcd_Write_Char@temp        cstackCOMMON 0072
Lcd_Write_Char@y           cstackCOMMON 0073
Lcd_Write_String@a         cstackCOMMON 0078
Lcd_Write_String@i         cstackCOMMON 0076
_ANSEL                     (abs)        0188
_ANSELH                    (abs)        0189
_BASURA                    bssBANK0     0053
_C1                        bssBANK0     004E
_C2                        bssBANK0     004D
_C3                        bssBANK0     004C
_CERRADO                   bssBANK0     0047
_DH                        bssBANK0     004A
_DIA                       bssBANK0     0052
_DM                        bssBANK0     0048
_GIE                       (abs)        005F
_HORA                      bssBANK0     0051
_I2C_Master_Init           text8        0F3D
_I2C_Master_Read           text6        0ED8
_I2C_Master_Start          text5        0E45
_I2C_Master_Stop           text4        0E4E
_I2C_Master_Wait           text7        0E6E
_I2C_Master_Write          text3        0E57
_LECT1                     text21       045D
_Lcd_Clear                 text18       0E61
_Lcd_Cmd                   text19       0E7B
_Lcd_Init                  text17       009E
_Lcd_Port                  text20       0EB6
_Lcd_Set_Cursor            text16       0FAE
_Lcd_Write_Char            text15       0F75
_Lcd_Write_String          text14       0E95
_MIN                       bssBANK0     0050
_NUM                       bssBANK0     0054
_OSCCONbits                (abs)        008F
_PARKH                     bssBANK0     0055
_PEIE                      (abs)        005E
_PORTA                     (abs)        0005
_PORTB                     (abs)        0006
_PORTD                     (abs)        0008
_PORTDbits                 (abs)        0008
_RD3                       (abs)        0043
_RD4                       (abs)        0044
_RD5                       (abs)        0045
_RD6                       (abs)        0046
_RD7                       (abs)        0047
_SSPADD                    (abs)        0093
_SSPBUF                    (abs)        0013
_SSPCON                    (abs)        0014
_SSPCON2                   (abs)        0091
_SSPCON2bits               (abs)        0091
_SSPIE                     (abs)        0463
_SSPIF                     (abs)        0063
_SSPSTAT                   (abs)        0094
_TRISA                     (abs)        0085
_TRISB                     (abs)        0086
_TRISC3                    (abs)        043B
_TRISC4                    (abs)        043C
_TRISCbits                 (abs)        0087
_TRISD                     (abs)        0088
_TRISE                     (abs)        0089
_UH                        bssBANK0     004B
_UM                        bssBANK0     0049
__Habs1                    abs1         0000
__Hbank0                   bank0        0000
__Hbank1                   bank1        0000
__Hbank2                   bank2        0000
__Hbank3                   bank3        0000
__HbssBANK0                bssBANK0     0000
__Hcinit                   cinit        0800
__Hclrtext                 clrtext      0000
__Hcode                    code         0000
__Hcommon                  common       0000
__Hconfig                  config       2009
__HcstackBANK0             cstackBANK0  0000
__HcstackCOMMON            cstackCOMMON 0000
__Heeprom_data             eeprom_data  0000
__Hend_init                end_init     0003
__Hfunctab                 functab      0000
__Hinit                    init         0000
__Hintentry                intentry     0000
__Hmaintext                maintext     0000
__Hpowerup                 powerup      0000
__Hram                     ram          0000
__Hreset_vec               reset_vec    0000
__Hsfr0                    sfr0         0000
__Hsfr1                    sfr1         0000
__Hsfr2                    sfr2         0000
__Hsfr3                    sfr3         0000
__Hspace_0                 (abs)        1000
__Hspace_1                 (abs)        007E
__Hspace_2                 (abs)        0000
__Hspace_3                 (abs)        0000
__Hspace_4                 (abs)        4010
__Hstack                   stack        0000
__Hstrings                 strings      0000
__Htext                    text         0000
__Labs1                    abs1         0000
__Lbank0                   bank0        0000
__Lbank1                   bank1        0000
__Lbank2                   bank2        0000
__Lbank3                   bank3        0000
__LbssBANK0                bssBANK0     0000
__Lcinit                   cinit        07F3
__Lclrtext                 clrtext      0000
__Lcode                    code         0000
__Lcommon                  common       0000
__Lconfig                  config       0000
__LcstackBANK0             cstackBANK0  0000
__LcstackCOMMON            cstackCOMMON 0000
__Leeprom_data             eeprom_data  0000
__Lend_init                end_init     0000
__Lfunctab                 functab      0000
__Linit                    init         0000
__Lintentry                intentry     0000
__Lmaintext                maintext     0000
__Lpowerup                 powerup      0000
__Lram                     ram          0000
__Lreset_vec               reset_vec    0000
__Lsfr0                    sfr0         0000
__Lsfr1                    sfr1         0000
__Lsfr2                    sfr2         0000
__Lsfr3                    sfr3         0000
__Lspace_0                 (abs)        0000
__Lspace_1                 (abs)        0000
__Lspace_2                 (abs)        0000
__Lspace_3                 (abs)        0000
__Lspace_4                 (abs)        0000
__Lstack                   stack        0000
__Lstrings                 strings      0000
__Ltext                    text         0000
__S0                       (abs)        1000
__S1                       (abs)        007E
__S2                       (abs)        0000
__S3                       (abs)        0000
___awdiv                   text12       0161
___awdiv@counter           cstackCOMMON 0075
___awdiv@dividend          cstackCOMMON 0072
___awdiv@divisor           cstackCOMMON 0070
___awdiv@quotient          cstackCOMMON 0077
___awdiv@sign              cstackCOMMON 0076
___awmod                   text11       0043
___awmod@counter           cstackBANK0  0020
___awmod@dividend          cstackCOMMON 007B
___awmod@divisor           cstackCOMMON 0079
___awmod@sign              cstackBANK0  0021
___int_sp                  stack        0000
___latbits                 (abs)        0002
___lldiv                   text9        00FB
___lldiv@counter           cstackCOMMON 007D
___lldiv@dividend          cstackCOMMON 0074
___lldiv@divisor           cstackCOMMON 0070
___lldiv@quotient          cstackCOMMON 0079
___sp                      stack        0000
___stackhi                 (abs)        0000
___stacklo                 (abs)        0000
__end_of_I2C_Master_Init   text8        0F75
__end_of_I2C_Master_Read   text6        0F06
__end_of_I2C_Master_Start  text5        0E4E
__end_of_I2C_Master_Stop   text4        0E57
__end_of_I2C_Master_Wait   text7        0E7B
__end_of_I2C_Master_Write  text3        0E61
__end_of_LECT1             text21       0607
__end_of_Lcd_Clear         text18       0E6E
__end_of_Lcd_Cmd           text19       0E95
__end_of_Lcd_Init          text17       00FB
__end_of_Lcd_Port          text20       0ED8
__end_of_Lcd_Set_Cursor    text16       1000
__end_of_Lcd_Write_Char    text15       0FAE
__end_of_Lcd_Write_String  text14       0EB6
__end_of___awdiv           text12       01C8
__end_of___awmod           text11       009E
__end_of___lldiv           text9        0161
__end_of__initialization   cinit        07FC
__end_of_conver            text13       02CA
__end_of_conver1           text10       023F
__end_of_main              maintext     07F3
__end_of_num_ascii         text22       0043
__end_of_osc_config        text2        0F3D
__end_of_setup             text1        045D
__initialization           cinit        07F3
__pbssBANK0                bssBANK0     0043
__pcstackBANK0             cstackBANK0  0020
__pcstackCOMMON            cstackCOMMON 0070
__pmaintext                maintext     0607
__ptext1                   text1        02CA
__ptext10                  text10       01C8
__ptext11                  text11       0043
__ptext12                  text12       0161
__ptext13                  text13       023F
__ptext14                  text14       0E95
__ptext15                  text15       0F75
__ptext16                  text16       0FAE
__ptext17                  text17       009E
__ptext18                  text18       0E61
__ptext19                  text19       0E7B
__ptext2                   text2        0F06
__ptext20                  text20       0EB6
__ptext21                  text21       045D
__ptext22                  text22       0004
__ptext3                   text3        0E57
__ptext4                   text4        0E4E
__ptext5                   text5        0E45
__ptext6                   text6        0ED8
__ptext7                   text7        0E6E
__ptext8                   text8        0F3D
__ptext9                   text9        00FB
__size_of_I2C_Master_Init  (abs)        0000
__size_of_I2C_Master_Read  (abs)        0000
__size_of_I2C_Master_Start (abs)        0000
__size_of_I2C_Master_Stop  (abs)        0000
__size_of_I2C_Master_Wait  (abs)        0000
__size_of_I2C_Master_Write (abs)        0000
__size_of_LECT1            (abs)        0000
__size_of_Lcd_Clear        (abs)        0000
__size_of_Lcd_Cmd          (abs)        0000
__size_of_Lcd_Init         (abs)        0000
__size_of_Lcd_Port         (abs)        0000
__size_of_Lcd_Set_Cursor   (abs)        0000
__size_of_Lcd_Write_Char   (abs)        0000
__size_of_Lcd_Write_String (abs)        0000
__size_of___awdiv          (abs)        0000
__size_of___awmod          (abs)        0000
__size_of___lldiv          (abs)        0000
__size_of_conver           (abs)        0000
__size_of_conver1          (abs)        0000
__size_of_main             (abs)        0000
__size_of_num_ascii        (abs)        0000
__size_of_osc_config       (abs)        0000
__size_of_setup            (abs)        0000
_con                       bssBANK0     0046
_conver                    text13       023F
_conver1                   text10       01C8
_main                      maintext     0607
_num_ascii                 text22       0004
_osc_config                text2        0F06
_setup                     text1        02CA
_temperatura               bssBANK0     0045
btemp                      (abs)        007E
clear_ram0                 clrtext      0E3D
conver1@temporal           cstackBANK0  0025
conver@temporal            cstackBANK0  0020
conver@temporal_131        cstackBANK0  0030
end_of_initialization      cinit        07FC
intlevel0                  functab      0000
intlevel1                  functab      0000
intlevel2                  functab      0000
intlevel3                  functab      0000
intlevel4                  functab      0000
intlevel5                  functab      0000
num_ascii@num              cstackCOMMON 0072
osc_config@freq            cstackCOMMON 0072
reset_vec                  reset_vec    0000
start                      init         0000
start_initialization       cinit        07F3
wtemp0                     (abs)        007E


MODULE INFORMATION

Module		Function		Class		Link	Load	Size
Osc_config.c
		_osc_config    		CODE           	0F06	0000	55

Osc_config.c estimated size: 55

I2C.c
		_I2C_Master_Read		CODE           	0ED8	0000	46
		_I2C_Master_Wait		CODE           	0E6E	0000	13
		_I2C_Master_Init		CODE           	0F3D	0000	56
		_I2C_Master_Stop		CODE           	0E4E	0000	9
		_I2C_Master_Write		CODE           	0E57	0000	10
		_I2C_Master_Start		CODE           	0E45	0000	9

I2C.c estimated size: 143

C:\Program Files\Microchip\xc8\v2.32\pic\sources\c90\common\awmod.c
		___awmod       		CODE           	0043	0000	91

C:\Program Files\Microchip\xc8\v2.32\pic\sources\c90\common\awmod.c estimated size: 91

shared
		__initialization		CODE           	07F3	0000	9

shared estimated size: 9

C:\Program Files\Microchip\xc8\v2.32\pic\sources\c90\common\awdiv.c
		___awdiv       		CODE           	0161	0000	103

C:\Program Files\Microchip\xc8\v2.32\pic\sources\c90\common\awdiv.c estimated size: 103

main.c
		_main          		CODE           	0607	0000	492
		_conver1       		CODE           	01C8	0000	119
		_setup         		CODE           	02CA	0000	403
		_LECT1         		CODE           	045D	0000	426
		_conver        		CODE           	023F	0000	139

main.c estimated size: 1579

ASCII.c
		_num_ascii     		CODE           	0004	0000	63

ASCII.c estimated size: 63

C:\Program Files\Microchip\xc8\v2.32\pic\sources\c90\common\__lldiv.c
		___lldiv       		CODE           	00FB	0000	102

C:\Program Files\Microchip\xc8\v2.32\pic\sources\c90\common\__lldiv.c estimated size: 102

LCD.c
		_Lcd_Write_String		CODE           	0E95	0000	33
		_Lcd_Init      		CODE           	009E	0000	93
		_Lcd_Write_Char		CODE           	0F75	0000	57
		_Lcd_Cmd       		CODE           	0E7B	0000	26
		_Lcd_Set_Cursor		CODE           	0FAE	0000	82
		_Lcd_Clear     		CODE           	0E61	0000	13
		_Lcd_Port      		CODE           	0EB6	0000	34

LCD.c estimated size: 338

